Archive member included because of file (symbol)

/home/labcar/codegen/lib/libasap.a(labcartop.o)
                              /opt/etas/lib/librtostarget_si.so (initializeLabCarModel)
/home/labcar/codegen/lib/libasap.a(mc_module_hardware.o)
                              /home/labcar/codegen/lib/libasap.a(labcartop.o) (initModel_Module_Hardware)
/home/labcar/codegen/lib/libasap.a(mc_module_batterymodel_hil.o)
                              /home/labcar/codegen/lib/libasap.a(labcartop.o) (initModel_Module_Batterymodel_HiL)
/home/labcar/codegen/lib/libasap.a(mc_module_canmodule.o)
                              /home/labcar/codegen/lib/libasap.a(labcartop.o) (initModel_Module_CANModule)
/home/labcar/codegen/lib/libasap.a(mc_module_osmonitoring.o)
                              /home/labcar/codegen/lib/libasap.a(labcartop.o) (initModel_Module_OSMonitoring)
/home/labcar/codegen/lib/libasap.a(programid.o)
                              /opt/etas/lib/librtostarget_si.so (programIdentifier)
/home/labcar/codegen/lib/libcanmodule.a(cancode.o)
                              /home/labcar/codegen/lib/libasap.a(mc_module_canmodule.o) (internalCANTime_bo0_co1)
/home/labcar/codegen/lib/libconn.a(connect.o)
                              /home/labcar/codegen/lib/libcanmodule.a(cancode.o) (inport_bo0_co0_111std_rtpc_bms_temp_1_4_Signal_Cell_T3)
/home/labcar/codegen/lib/librtio.a(hwcident.o)
                              /home/labcar/codegen/lib/libasap.a(mc_module_hardware.o) (hwcStructID)
/home/labcar/codegen/lib/librtpc_os_config.a(rtpc_os_config.o)
                              /opt/etas/lib/librtostarget_si.so (rtpc_task_internal_init)
/home/labcar/codegen/lib/libsimodels_batterymodel_hil_code.a(batterymodel_hil.o)
                              /home/labcar/codegen/lib/libasap.a(mc_module_batterymodel_hil.o) (Batterymodel_HiL_B)
/home/labcar/codegen/lib/libsimodels_batterymodel_hil_code.a(rt_nonfinite.o)
                              /home/labcar/codegen/lib/libsimodels_batterymodel_hil_code.a(batterymodel_hil.o) (rtIsInf)
/home/labcar/codegen/lib/libsimodels_batterymodel_hil_code.a(rtgetinf.o)
                              /home/labcar/codegen/lib/libsimodels_batterymodel_hil_code.a(rt_nonfinite.o) (rtGetInf)
/home/labcar/codegen/lib/libsimodels_batterymodel_hil_code.a(rtgetnan.o)
                              /home/labcar/codegen/lib/libsimodels_batterymodel_hil_code.a(rt_nonfinite.o) (rtGetNaN)
/home/labcar/codegen/lib/libsimodels_batterymodel_hil_code.a(batterymodel_hil_data.o)
                              /home/labcar/codegen/lib/libasap.a(mc_module_batterymodel_hil.o) (Batterymodel_HiL_P)
/home/labcar/codegen/lib/libsimodels_batterymodel_hil_code.a(batterymodel_hil_main.o)
                              /home/labcar/codegen/lib/librtpc_os_config.a(rtpc_os_config.o) (lcrt_Terminate_Batterymodel_HiL)
/home/labcar/codegen/lib/libsimodels_batterymodel_hil_code.a(rt_sim.o)
                              /home/labcar/codegen/lib/libsimodels_batterymodel_hil_code.a(batterymodel_hil_main.o) (rt_SimInitTimingEngine_Batterymodel_HiL)
/home/labcar/codegen/lib/libsimodels_global_code.a(modcomm.o)
                              /home/labcar/codegen/lib/libsimodels_batterymodel_hil_code.a(batterymodel_hil_main.o) (LC_registerModule)
/home/labcar/codegen/lib/libsimodels_global_code.a(lcoutport.o)
                              /home/labcar/codegen/lib/libsimodels_batterymodel_hil_code.a(batterymodel_hil.o) (LCOutport)
/home/labcar/codegen/lib/libsimodels_global_code.a(lcinport.o)
                              /home/labcar/codegen/lib/libsimodels_batterymodel_hil_code.a(batterymodel_hil.o) (LCInport)
/home/labcar/codegen/lib/librtio.a(es113x_rt.o)
                              /home/labcar/codegen/lib/librtpc_os_config.a(rtpc_os_config.o) (Es113x_SyncReceiveCode_TaskDVEModel_HWCF)
/home/labcar/codegen/lib/librtio.a(es113x_ext.o)
                              /home/labcar/codegen/lib/librtio.a(es113x_rt.o) (vmeVectorTable)
/home/labcar/lib/simulink/libsimulink_r2011b.a(rt_matrx.o)
                              /home/labcar/codegen/lib/libsimodels_global_code.a(lcoutport.o) (rt_mxGetString)
/opt/elektrobit/tal/lib/libBusMirror.a(main.o)
                              /opt/etas/lib/librtos.so (sqlite3_close)
/opt/elektrobit/tal/lib/libBusMirror.a(malloc.o)
                              /opt/elektrobit/tal/lib/libBusMirror.a(main.o) (sqlite3MallocInit)
/opt/elektrobit/tal/lib/libBusMirror.a(mem1.o)
                              /opt/elektrobit/tal/lib/libBusMirror.a(main.o) (sqlite3MemSetDefault)
/opt/elektrobit/tal/lib/libBusMirror.a(mutex.o)
                              /opt/elektrobit/tal/lib/libBusMirror.a(main.o) (sqlite3MutexInit)
/opt/elektrobit/tal/lib/libBusMirror.a(mutex_unix.o)
                              /opt/elektrobit/tal/lib/libBusMirror.a(mutex.o) (sqlite3DefaultMutex)
/opt/elektrobit/tal/lib/libBusMirror.a(os.o)
                              /opt/elektrobit/tal/lib/libBusMirror.a(main.o) (sqlite3OsFileControl)
[...]
Memory Configuration

Name             Origin             Length             Attributes
*default*        0x0000000000000000 0xffffffffffffffff

Linker script and memory map

LOAD /usr/lib/gcc/i486-linux-gnu/4.3.2/../../../../lib/crt1.o
LOAD /usr/lib/gcc/i486-linux-gnu/4.3.2/../../../../lib/crti.o
LOAD /usr/lib/gcc/i486-linux-gnu/4.3.2/crtbegin.o
LOAD /opt/etas/lib/librtos.so
LOAD /opt/etas/lib/librtosxcp.so
LOAD /opt/etas/lib/librtpccan.so
LOAD /opt/etas/lib/librtostarget_si.so
LOAD /opt/etas/lib/libintpol.so
LOAD /opt/etas/lib/libes53xx.so
LOAD /usr/lib/gcc/i486-linux-gnu/4.3.2/libstdc++.so
START GROUP
LOAD /home/labcar/codegen/lib/libasap.a
LOAD /home/labcar/codegen/lib/libcanmodule.a
LOAD /home/labcar/codegen/lib/libconn.a
LOAD /home/labcar/codegen/lib/libmisc_code.a
LOAD /home/labcar/codegen/lib/libmisc_objects.a
LOAD /home/labcar/codegen/lib/librtio.a
LOAD /home/labcar/codegen/lib/librtpc_os_config.a
LOAD /home/labcar/codegen/lib/libsimodels_batterymodel_hil_code.a
LOAD /home/labcar/codegen/lib/libsimodels_batterymodel_hil_external_code.a
LOAD /home/labcar/codegen/lib/libsimodels_batterymodel_hil_external_objects.a
LOAD /home/labcar/codegen/lib/libsimodels_batterymodel_hil_objects.a
LOAD /home/labcar/codegen/lib/libsimodels_global_code.a
LOAD /home/labcar/codegen/lib/libsimodels_global_objects.a
END GROUP
LOAD /home/labcar/lib/simulink/libsimulink_r2011b.a
START GROUP
END GROUP
LOAD /opt/etas/lib/librtpcbenchmark.a
LOAD /opt/elektrobit/tal/lib/libBusMirror.a
LOAD /usr/lib/gcc/i486-linux-gnu/4.3.2/libgcc.a
LOAD /usr/lib/gcc/i486-linux-gnu/4.3.2/libgcc_s.so
LOAD /usr/lib/libc.so
START GROUP
LOAD /lib/libc.so.6
LOAD /usr/lib/libc_nonshared.a
LOAD /lib/ld-linux.so.2
END GROUP
LOAD /usr/lib/gcc/i486-linux-gnu/4.3.2/libgcc.a
LOAD /usr/lib/gcc/i486-linux-gnu/4.3.2/libgcc_s.so
LOAD /usr/lib/gcc/i486-linux-gnu/4.3.2/crtend.o
LOAD /usr/lib/gcc/i486-linux-gnu/4.3.2/../../../../lib/crtn.o
                0x0000000008048000                PROVIDE (__executable_start, 0x8048000)
                0x0000000008048134                . = (0x8048000 + SIZEOF_HEADERS)

.interp         0x0000000008048134       0x13
 *(.interp)
 .interp        0x0000000008048134       0x13 /usr/lib/gcc/i486-linux-gnu/4.3.2/../../../../lib/crt1.o

.note.ABI-tag   0x0000000008048148       0x20
 .note.ABI-tag  0x0000000008048148       0x20 /usr/lib/gcc/i486-linux-gnu/4.3.2/../../../../lib/crt1.o

.note.gnu.build-id
 *(.note.gnu.build-id)

.hash           0x0000000008048168     0x2ac8
 *(.hash)
 .hash          0x0000000008048168     0x2ac8 /usr/lib/gcc/i486-linux-gnu/4.3.2/../../../../lib/crt1.o

.gnu.hash       0x000000000804ac30     0x3180
 *(.gnu.hash)
 .gnu.hash      0x000000000804ac30     0x3180 /usr/lib/gcc/i486-linux-gnu/4.3.2/../../../../lib/crt1.o

.dynsym         0x000000000804ddb0     0x6a90
 *(.dynsym)
 .dynsym        0x000000000804ddb0     0x6a90 /usr/lib/gcc/i486-linux-gnu/4.3.2/../../../../lib/crt1.o

.dynstr         0x0000000008054840     0xb48e
 *(.dynstr)
 .dynstr        0x0000000008054840     0xb48e /usr/lib/gcc/i486-linux-gnu/4.3.2/../../../../lib/crt1.o

.gnu.version    0x000000000805fcce      0xd52
 *(.gnu.version)
 .gnu.version   0x000000000805fcce      0xd52 /usr/lib/gcc/i486-linux-gnu/4.3.2/../../../../lib/crt1.o

.gnu.version_d  0x0000000008060a20        0x0
 *(.gnu.version_d)
 .gnu.version_d
                0x0000000000000000        0x0 /usr/lib/gcc/i486-linux-gnu/4.3.2/../../../../lib/crt1.o

.gnu.version_r  0x0000000008060a20       0xe0
 *(.gnu.version_r)
 .gnu.version_r
                0x0000000008060a20       0xe0 /usr/lib/gcc/i486-linux-gnu/4.3.2/../../../../lib/crt1.o

.rel.dyn        0x0000000008060b00       0x30
 *(.rel.init)
 *(.rel.text .rel.text.* .rel.gnu.linkonce.t.*)
 .rel.text      0x0000000000000000        0x0 /usr/lib/gcc/i486-linux-gnu/4.3.2/../../../../lib/crt1.o
 *(.rel.fini)
 *(.rel.rodata .rel.rodata.* .rel.gnu.linkonce.r.*)
 .rel.rodata    0x0000000000000000        0x0 /usr/lib/gcc/i486-linux-gnu/4.3.2/../../../../lib/crt1.o
 *(.rel.data.rel.ro* .rel.gnu.linkonce.d.rel.ro.*)
 *(.rel.data .rel.data.* .rel.gnu.linkonce.d.*)
 .rel.data      0x0000000000000000        0x0 /usr/lib/gcc/i486-linux-gnu/4.3.2/../../../../lib/crt1.o
 *(.rel.tdata .rel.tdata.* .rel.gnu.linkonce.td.*)
 *(.rel.tbss .rel.tbss.* .rel.gnu.linkonce.tb.*)
 *(.rel.ctors)
 *(.rel.dtors)
 *(.rel.got)
 .rel.got       0x0000000008060b00        0x8 /usr/lib/gcc/i486-linux-gnu/4.3.2/../../../../lib/crt1.o
 *(.rel.bss .rel.bss.* .rel.gnu.linkonce.b.*)
 .rel.bss       0x0000000008060b08       0x28 /usr/lib/gcc/i486-linux-gnu/4.3.2/../../../../lib/crt1.o

.rela.dyn
 *(.rela.init)
 *(.rela.text .rela.text.* .rela.gnu.linkonce.t.*)
 *(.rela.fini)
 *(.rela.rodata .rela.rodata.* .rela.gnu.linkonce.r.*)
 *(.rela.data .rela.data.* .rela.gnu.linkonce.d.*)
 *(.rela.tdata .rela.tdata.* .rela.gnu.linkonce.td.*)
 *(.rela.tbss .rela.tbss.* .rela.gnu.linkonce.tb.*)
 *(.rela.ctors)
 *(.rela.dtors)
 *(.rela.got)
 *(.rela.bss .rela.bss.* .rela.gnu.linkonce.b.*)

.rel.plt        0x0000000008060b30      0x2a0
 *(.rel.plt)
 .rel.plt       0x0000000008060b30      0x2a0 /usr/lib/gcc/i486-linux-gnu/4.3.2/../../../../lib/crt1.o

.rela.plt
 *(.rela.plt)

.init           0x0000000008060dd0       0x30
 *(.init)
 .init          0x0000000008060dd0       0x22 /usr/lib/gcc/i486-linux-gnu/4.3.2/../../../../lib/crti.o
                0x0000000008060dd0                _init
 .init          0x0000000008060df2        0x5 /usr/lib/gcc/i486-linux-gnu/4.3.2/crtbegin.o
 .init          0x0000000008060df7        0x5 /usr/lib/gcc/i486-linux-gnu/4.3.2/crtend.o
 .init          0x0000000008060dfc        0x4 /usr/lib/gcc/i486-linux-gnu/4.3.2/../../../../lib/crtn.o

.plt            0x0000000008060e00      0x550
 *(.plt)
 .plt           0x0000000008060e00      0x550 /usr/lib/gcc/i486-linux-gnu/4.3.2/../../../../lib/crt1.o
                0x0000000008060e10                pthread_mutex_destroy@@GLIBC_2.0
                0x0000000008060e20                rrtio_synchron_init
                0x0000000008060e30                rrtio_synchron_flush
                0x0000000008060e40                fmod@@GLIBC_2.0
                0x0000000008060e50                asdWriteUserError
                0x0000000008060e60                vmeIntEnable
                0x0000000008060e70                dlopen@@GLIBC_2.1
                0x0000000008060e80                access@@GLIBC_2.0
                0x0000000008060e90                rtos_log
                0x0000000008060ea0                asdMalloc
                0x0000000008060eb0                sleep@@GLIBC_2.0
                0x0000000008060ec0                asdWriteUserDebug
                0x0000000008060ed0                calloc@@GLIBC_2.0
                0x0000000008060ee0                fdatasync@@GLIBC_2.0
                0x0000000008060ef0                open64@@GLIBC_2.1
                0x0000000008060f00                getpid@@GLIBC_2.0
                0x0000000008060f10                initInstance_vectorWrapper
                0x0000000008060f20                main
                0x0000000008060f30                setGPIO32
                0x0000000008060f40                Outport_Real64_Create
                0x0000000008060f50                pthread_mutexattr_settype@@GLIBC_2.1
                0x0000000008060f60                memcpy@@GLIBC_2.0
                0x0000000008060f70                write@@GLIBC_2.0
                0x0000000008060f80                malloc@@GLIBC_2.0
                0x0000000008060f90                rtos_comm_read
                0x0000000008060fa0                strlen@@GLIBC_2.0
                0x0000000008060fb0                getcwd@@GLIBC_2.0
                0x0000000008060fc0                dlsym@@GLIBC_2.0
                0x0000000008060fd0                rrtio_synchron_exit
                0x0000000008060fe0                strcmp@@GLIBC_2.0
                0x0000000008060ff0                utimes@@GLIBC_2.0
                0x0000000008061000                time@@GLIBC_2.0
                0x0000000008061010                fsync@@GLIBC_2.0
                0x0000000008061020                __errno_location@@GLIBC_2.0
                0x0000000008061030                dup@@GLIBC_2.0
                0x0000000008061040                memcmp@@GLIBC_2.0
                0x0000000008061050                lseek64@@GLIBC_2.1
                0x0000000008061060                getenv@@GLIBC_2.0
                0x0000000008061070                pthread_create@@GLIBC_2.1
                0x0000000008061080                __libc_start_main@@GLIBC_2.0
                0x0000000008061090                pthread_mutex_unlock@@GLIBC_2.0
                0x00000000080610a0                floor@@GLIBC_2.0
                0x00000000080610b0                gettimeofday@@GLIBC_2.0
                0x00000000080610c0                pthread_mutex_init@@GLIBC_2.0
                0x00000000080610d0                installCommErrMessages
                0x00000000080610e0                __stack_chk_fail@@GLIBC_2.4
                0x00000000080610f0                vmeSetupInt
                0x0000000008061100                dlerror@@GLIBC_2.0
                0x0000000008061110                rrtio_synchron_wait
                0x0000000008061120                pthread_mutex_lock@@GLIBC_2.0
                0x0000000008061130                __fxstat64@@GLIBC_2.2
                0x0000000008061140                free@@GLIBC_2.0
                0x0000000008061150                pthread_mutexattr_init@@GLIBC_2.0
                0x0000000008061160                pthread_mutexattr_destroy@@GLIBC_2.0
                0x0000000008061170                strncmp@@GLIBC_2.0
                0x0000000008061180                lround@@GLIBC_2.1
                0x0000000008061190                initInstance_scalarWrapper
                0x00000000080611a0                installEtasPseudoGeoAdrBoardNames
                0x00000000080611b0                pthread_join@@GLIBC_2.0
                0x00000000080611c0                rtos_comm_close
                0x00000000080611d0                dlclose@@GLIBC_2.0
                0x00000000080611e0                pthread_equal@@GLIBC_2.0
                0x00000000080611f0                atoi@@GLIBC_2.0
                0x0000000008061200                installVmeVectorTable
                0x0000000008061210                installUserBoardNames
                0x0000000008061220                rtos_comm_open
                0x0000000008061230                memset@@GLIBC_2.0
                0x0000000008061240                pthread_self@@GLIBC_2.0
                0x0000000008061250                fcntl@@GLIBC_2.0
                0x0000000008061260                pthread_mutex_trylock@@GLIBC_2.0
                0x0000000008061270                close@@GLIBC_2.0
                0x0000000008061280                read@@GLIBC_2.0
                0x0000000008061290                __xstat64@@GLIBC_2.2
                0x00000000080612a0                installEtasAutoIdBoardNames
                0x00000000080612b0                installEtasBoardNames
                0x00000000080612c0                memmove@@GLIBC_2.0
                0x00000000080612d0                ftruncate64@@GLIBC_2.1
                0x00000000080612e0                unlink@@GLIBC_2.0
                0x0000000008061300                strcpy@@GLIBC_2.0
                0x0000000008061310                rtos_comm_write
                0x0000000008061320                localtime@@GLIBC_2.0
                0x0000000008061330                Inport_Real64_Create
                0x0000000008061340                realloc@@GLIBC_2.0

.text           0x0000000008061350    0x86ebc
 *(.text .stub .text.* .gnu.linkonce.t.*)
 .text          0x0000000008061350       0x24 /usr/lib/gcc/i486-linux-gnu/4.3.2/../../../../lib/crt1.o
                0x0000000008061350                _start
 .text          0x0000000008061374        0x0 /usr/lib/gcc/i486-linux-gnu/4.3.2/../../../../lib/crti.o
 *fill*         0x0000000008061374        0xc 90909090
 .text          0x0000000008061380       0x83 /usr/lib/gcc/i486-linux-gnu/4.3.2/crtbegin.o
 *fill*         0x0000000008061403        0x1 90909090
 .text          0x0000000008061404      0x16d /home/labcar/codegen/lib/libasap.a(labcartop.o)
                0x000000000806151c                initializeLabCarModel
 *fill*         0x0000000008061571        0x3 90909090
 .text          0x0000000008061574      0x1ab /home/labcar/codegen/lib/libasap.a(mc_module_hardware.o)
                0x00000000080616b9                initClass_Module_Hardware
                0x000000000806168c                initInstance_Module_Hardware
                0x0000000008061707                initModel_Module_Hardware
 *fill*         0x000000000806171f        0x1 90909090
 .text          0x0000000008061720     0x1f6e /home/labcar/codegen/lib/libasap.a(mc_module_batterymodel_hil.o)
                0x0000000008061865                initClass_Module_Batterymodel_HiL
                0x0000000008061838                initInstance_Module_Batterymodel_HiL
                0x0000000008063676                initModel_Module_Batterymodel_HiL
 *fill*         0x000000000806368e        0x2 90909090
 .text          0x0000000008063690     0x4406 /home/labcar/codegen/lib/libasap.a(mc_module_canmodule.o)
                0x00000000080637d5                initClass_Module_CANModule
                0x00000000080637a8                initInstance_Module_CANModule
                0x0000000008067a7e                initModel_Module_CANModule
 *fill*         0x0000000008067a96        0x2 90909090
 .text          0x0000000008067a98      0x153 /home/labcar/codegen/lib/libasap.a(mc_module_osmonitoring.o)
                0x0000000008067bb5                initInstance_Module_OSMonitoring
                0x0000000008067be2                initModel_Module_OSMonitoring
                0x0000000008067bb0                initClass_Module_OSMonitoring
 *fill*         0x0000000008067beb        0x1 90909090
 .text          0x0000000008067bec      0x118 /home/labcar/codegen/lib/libasap.a(programid.o)
 *fill*         0x0000000008067d04        0xc 90909090
 .text          0x0000000008067d10     0x49b2 /home/labcar/codegen/lib/libcanmodule.a(cancode.o)
                0x0000000008067ea8                getCANDeviceHandle
                0x0000000008068d58                CAN_Send_board0_controller0
                0x000000000806c091                CAN_Init
                0x0000000008067f0f                CAN_Receive_board0_controller1
                0x000000000806814b                CAN_Receive_board0_controller0
                0x0000000008067ed9                CAN_Exit
                0x0000000008067e91                CAN_Send_board0_controller1
                0x0000000008067e28                FrameAnalysis
 *fill*         0x000000000806c6c2        0x2 90909090
 .text          0x000000000806c6c4     0x22e6 /home/labcar/codegen/lib/libconn.a(connect.o)
                0x000000000806d42e                init_inport_bo0_co0_101std_rtpc_bms_volt_1_4_Signal_Cell_V2
                0x000000000806e2e4                init_outport_bo0_co0_202std_bms_rctp_volt_5_8_Signal_Cell_V8
                0x000000000806d0fe                init_Batterymodel_HiL_Inport_03d24b9d95f2420bbd7d85e6d9aa22a3
                0x000000000806e6be                init_outport_bo0_co0_102std_rtpc_bms_volt_5_8_timeStamp
                0x000000000806ddfa                init_Batterymodel_HiL_Outport_ecc00f425c9e4277870ae36abca1afd6
                0x000000000806e966                init_outport_bo0_co0_221std_bms_rtcp_bal_Signal_Cell_10
                0x000000000806db7e                init_inport_bo0_co0_113std_rtpc_bms_temp_9_12_Signal_Cell_T12
                0x000000000806cb8e                init_inport_bo0_co0_112std_rtpc_bms_temp_5_8_Signal_Cell_T6
                0x000000000806e328                init_Batterymodel_HiL_Outport_a6c7e50e4d664fe19ccdebbbcdf797f2
                0x000000000806dcc8                init_outport_bo0_co0_102std_rtpc_bms_volt_5_8_remoteTrigger
                0x000000000806d050                init_Batterymodel_HiL_Inport_9165a05cd22c411f9b7472144e5ff8c0
                0x000000000806cf68                init_Batterymodel_HiL_Inport_0537325e5c8045ae83bb616b0feb5df6
                0x000000000806e12a                init_outport_bo0_co0_221std_bms_rtcp_bal_Signal_Cell_3
                0x000000000806c8ce                init_inport_bo0_co0_111std_rtpc_bms_temp_1_4_Signal_Cell_T2
                0x000000000806e47c                init_outport_bo0_co0_111std_rtpc_bms_temp_1_4_remoteTrigger
                0x000000000806ce80                init_Batterymodel_HiL_Inport_605629666db743b9b94e5009f2cf2abc
                0x000000000806de82                init_outport_bo0_co0_203std_bms_rctp_volt_9_12_timeStamp
                0x000000000806e526                init_Batterymodel_HiL_Outport_03a2c34504ce45f989ca0fda864543e3
                0x000000000806df2c                init_Batterymodel_HiL_Outport_e9cf76bb77d84008b43099e08985965a
                0x000000000806e78a                init_Batterymodel_HiL_Outport_bae6af9f6c5445aca6138b5c9321d505
                0x000000000806cbc8                init_inport_bo0_co0_112std_rtpc_bms_temp_5_8_Signal_Cell_V8
                0x000000000806d172                init_inport_singleShot_bo0_co0_112std_rtpc_bms_temp_5_8
                0x000000000806e812                init_outport_bo0_co0_211std_bms_rctp_temp_1_4_Signal_Cell_T4
                0x000000000806d9ae                init_Batterymodel_HiL_Inport_2bd5bb092a164b689900b6026787b392
                0x000000000806e306                init_outport_bo0_co0_231std_bms_rtcp_sammeln_Signal_Total_Volt
                0x000000000806d25a                init_inport_bo0_co0_101std_rtpc_bms_volt_1_4_Signal_Cell_V3
                0x000000000806df70                init_outport_bo0_co0_113std_rtpc_bms_temp_9_12_remoteTrigger
                0x000000000806cc3c                init_inport_cycleTime_bo0_co0_131std_rtpc_bms_sammeln
                0x000000000806e05e                init_Batterymodel_HiL_Outport_540821b06db447c5bcb1bea73d46478e
                0x000000000806d4e0                init_inport_singleShot_bo0_co0_111std_rtpc_bms_temp_1_4
                0x000000000806e5f2                init_Batterymodel_HiL_Outport_758dc213d8a341e69760ad164e0630ca
                0x000000000806c9f0                init_Batterymodel_HiL_Inport_b25bb4ba734e4d6ab0ffa1670d1b599b
                0x000000000806e7ce                init_Batterymodel_HiL_Outport_0864124e9b404c27be6ab600cdc6337f
                0x000000000806e834                init_outport_bo0_co0_221std_bms_rtcp_bal_Signal_Cell_11
                0x000000000806d6b4                init_inport_inTrigger_bo0_co0_113std_rtpc_bms_temp_9_12
                0x000000000806cd5e                init_inport_bo0_co0_112std_rtpc_bms_temp_5_8_Signal_Cell_T5
                0x000000000806c772                init_inport_bo0_co0_113std_rtpc_bms_temp_9_12_Signal_Cell_T11
                0x000000000806e6e0                init_outport_bo0_co0_112std_rtpc_bms_temp_5_8_timeStamp
                0x000000000806d7a4                init_inport_cycleTime_bo0_co0_102std_rtpc_bms_volt_5_8
                0x000000000806e69c                init_Batterymodel_HiL_Outport_2197db0b81ca4969a25926e73f1b5bc5
                0x000000000806e7f0                init_outport_bo0_co0_203std_bms_rctp_volt_9_12_Signal_Cell_V9
                0x000000000806c942                init_inport_singleShot_bo0_co0_113std_rtpc_bms_temp_9_12
                0x000000000806e27e                init_Batterymodel_HiL_Outport_2743a9a446a648b7bfdfe23bcbf4fa22
                0x000000000806e1b2                init_outport_bo0_co0_221std_bms_rtcp_bal_Signal_Cell_2
                0x000000000806cdd2                init_inport_bo0_co0_131std_rtpc_bms_sammeln_Signal_Mode
                0x000000000806e49e                init_outport_bo0_co0_201std_bms_rtcp_volt_1_4_Signal_Cell_V1
                0x000000000806e878                init_outport_bo0_co0_221std_bms_rtcp_bal_timeStamp
                0x000000000806e636                init_outport_bo0_co0_231std_bms_rtcp_sammeln_timeStamp
                0x000000000806dc84                init_Batterymodel_HiL_Outport_0a9a9183894945539cf19593f12489db
                0x000000000806dd72                init_outport_bo0_co0_212std_bms_rctp_temp_5_8_timeStamp
                0x000000000806de60                init_outport_bo0_co0_203std_bms_rctp_volt_9_12_Signal_Cell_V11
                0x000000000806e3d2                init_Batterymodel_HiL_Outport_488d865ae47b4048b2aa03bef812b5c4
                0x000000000806e1d4                init_outport_bo0_co0_103std_rtpc_bms_volt_9_12_timeStamp
                0x000000000806e702                init_outport_bo0_co0_221std_bms_rtcp_bal_Signal_Cell_12
                0x000000000806de1c                init_Batterymodel_HiL_Outport_63e30c28632d4ec99550fc802c3c62e1
                0x000000000806e5d0                init_Batterymodel_HiL_Outport_e4b2e806ed3c4162a3e69194141d9e63
                0x000000000806df0a                init_Batterymodel_HiL_Outport_2292d362d7de4d718ce81dc766f7120d
                0x000000000806e2a0                init_Batterymodel_HiL_Outport_afa7a667771a4ec8b929af91988f9c22
                0x000000000806d08a                init_Batterymodel_HiL_Inport_695989ac0da944f0be1c98924295fab7
                0x000000000806e25c                init_outport_bo0_co0_231std_bms_rtcp_sammeln_Signal_Absolut_Amp
                0x000000000806dbb8                init_Batterymodel_HiL_Outport_424c74e30cbe4f7cb2c505e82fca4f6e
                0x000000000806e856                init_outport_bo0_co0_221std_bms_rtcp_bal_Signal_Cell_9
                0x000000000806c894                init_Batterymodel_HiL_Inport_dda68b3d7b7a4491b651efc3b9e5dd52
                0x000000000806e504                init_Batterymodel_HiL_Outport_f5f570c92f794b98968ad36d5d75546b
                0x000000000806dcea                init_outport_bo0_co0_202std_bms_rctp_volt_5_8_timeStamp
                0x000000000806d468                init_inport_bo0_co0_102std_rtpc_bms_volt_5_8_Signal_Cell_V7
                0x000000000806d8c6                init_Batterymodel_HiL_Inport_7144f1c02211475b98f173c76f3cb89e
                0x000000000806e1f6                init_outport_bo0_co0_221std_bms_rtcp_bal_Signal_Cell_1
                0x000000000806c6c4                init_Batterymodel_HiL_Inport_14363d19c36e42168c1b403d55425331
                0x000000000806dbda                init_Batterymodel_HiL_Outport_7318ac6ebc5240239f29ce290844899c
                0x000000000806cfdc                init_Batterymodel_HiL_Inport_946cb1c84fce453ba9b400c149710358
                0x000000000806e724                init_outport_bo0_co0_231std_bms_rtcp_sammeln_Signal_Laden
                0x000000000806e89a                init_Batterymodel_HiL_Outport_063e4e37e4774b7784f8f3f9eb7d8c69
                0x000000000806d4a2                init_inport_inTrigger_bo0_co0_111std_rtpc_bms_temp_1_4
                0x000000000806cd98                init_inport_cycleTime_bo0_co0_113std_rtpc_bms_temp_9_12
                0x000000000806e0c4                init_outport_bo0_co0_131std_rtpc_bms_sammeln_timeStamp
                0x000000000806cf2e                init_Batterymodel_HiL_Inport_9f6a1b34aa6b477ca54b826eed14b6f5
                0x000000000806e3b0                init_Batterymodel_HiL_Outport_44b1983a22e4461a9d75e60d233e5ba6
                0x000000000806dd0c                init_outport_bo0_co0_203std_bms_rctp_volt_9_12_Signal_Cell_V12
                0x000000000806dc40                init_outport_bo0_co0_212std_bms_rctp_temp_5_8_Signal_Cell_T8
                0x000000000806e8de                init_Batterymodel_HiL_Outport_54e24052440345229ff6bc616aecbe55
                0x000000000806d640                init_inport_bo0_co0_101std_rtpc_bms_volt_1_4_Signal_Cell_V1
                0x000000000806da96                init_Batterymodel_HiL_Inport_0ee6a729fe4f429485190cc1ed0243a7
                0x000000000806e658                init_Batterymodel_HiL_Outport_e934439adb7f4525bc4696d3377f0720
                0x000000000806dee8                init_outport_bo0_co0_221std_bms_rtcp_bal_Signal_Reserviert_2
                0x000000000806e438                init_Batterymodel_HiL_Outport_056c85024ebb40d68e5fe458d95b2bc4
                0x000000000806c7e6                init_inport_bo0_co0_131std_rtpc_bms_sammeln_Signal_Total_volt
                0x000000000806db44                init_inport_bo0_co0_111std_rtpc_bms_temp_1_4_Signal_Cell_T4
                0x000000000806e56a                init_outport_bo0_co0_101std_rtpc_bms_volt_1_4_remoteTrigger
                0x000000000806d766                init_inport_inTrigger_bo0_co0_103std_rtpc_bms_volt_9_12
                0x000000000806da5c                init_inport_bo0_co0_103std_rtpc_bms_volt_9_12_Signal_Cell_V9
                0x000000000806e988                init_outport_bo0_co0_221std_bms_rtcp_bal_Signal_Cell_8
                0x000000000806d2ce                init_inport_bo0_co0_102std_rtpc_bms_volt_5_8_Signal_Cell_V8
                0x000000000806c7ac                init_inport_bo0_co0_131std_rtpc_bms_sammeln_Signal_Absolute_Amp
                0x000000000806d0c4                init_Batterymodel_HiL_Inport_a343931cb6834a59a9aeefb7a9b36044
                0x000000000806dfd6                init_outport_bo0_co0_213std_bms_rctp_temp_9_12_Signal_Cell_T12
                0x000000000806d1e6                init_Batterymodel_HiL_Inport_0f9973d46f7d4ff4a0ee9ff964ead501
                0x000000000806d6f2                init_Batterymodel_HiL_Inport_d8a432276c3f499bbd322a2b88d901c9
                0x000000000806d592                init_Batterymodel_HiL_Inport_01b71de1fefc4006ae33108f491154bd
                0x000000000806c85a                init_Batterymodel_HiL_Inport_47f90dee885a41c786df767beaa429cb
                0x000000000806e080                init_outport_bo0_co0_101std_rtpc_bms_volt_1_4_timeStamp
                0x000000000806c820                init_Batterymodel_HiL_Inport_8c9c4457072c4282be1e7847c25220aa
                0x000000000806d342                init_Batterymodel_HiL_Inport_266265ff7b2f44ac8220a9480fe1df3d
                0x000000000806e58c                init_outport_bo0_co0_213std_bms_rctp_temp_9_12_Signal_Cell_T9
                0x000000000806dd2e                init_outport_bo0_co0_211std_bms_rctp_temp_1_4_Signal_Cell_T1
                0x000000000806df4e                init_Batterymodel_HiL_Outport_25bc52cc904e413aac7a9fd0d0da0374
                0x000000000806d7de                init_inport_cycleTime_bo0_co0_112std_rtpc_bms_temp_5_8
                0x000000000806dbfc                init_Batterymodel_HiL_Outport_ceeee4bbd54947a4ae5657cda7eccf48
                0x000000000806d606                init_inport_singleShot_bo0_co0_101std_rtpc_bms_volt_1_4
                0x000000000806d5cc                init_Batterymodel_HiL_Inport_937f454ae9c54de59b73d96e8011375e
                0x000000000806ddd8                init_outport_bo0_co0_221std_bms_rtcp_bal_Signal_Reserviert_3
                0x000000000806e38e                init_outport_bo0_co0_211std_bms_rctp_temp_1_4_timeStamp
                0x000000000806e67a                init_Batterymodel_HiL_Outport_f09425878ac34f87bc2763d25b89183b
                0x000000000806cadc                init_inport_cycleTime_bo0_co0_111std_rtpc_bms_temp_1_4
                0x000000000806dc62                init_outport_bo0_co0_221std_bms_rtcp_bal_Signal_Cell_7
                0x000000000806e548                init_Batterymodel_HiL_Outport_eae8e275063e4acfade5c35004781555
                0x000000000806d558                init_Batterymodel_HiL_Inport_d03f4c1d33db4315ad156ff49e7184b9
                0x000000000806e14c                init_Batterymodel_HiL_Outport_cf39ca3eb9e34f49a63a2b448cdf80d1
                0x000000000806e108                init_outport_bo0_co0_213std_bms_rctp_temp_9_12_Signal_Cell_T11
                0x000000000806d3f0                init_inport_inTrigger_bo0_co0_101std_rtpc_bms_volt_1_4
                0x000000000806e2c2                init_outport_bo0_co0_201std_bms_rtcp_volt_1_4_Signal_Cell_V4
                0x000000000806c6fe                init_Batterymodel_HiL_Inport_ab2d6f365c0e49369ca0c3885b39adcc
                0x000000000806d72c                init_inport_bo0_co0_102std_rtpc_bms_volt_5_8_Signal_Cell_V5
                0x000000000806ccb0                init_Batterymodel_HiL_Inport_ab97d1ed503949b081408b8a18369fa2
                0x000000000806db0a                init_inport_bo0_co0_103std_rtpc_bms_volt_9_12_Signal_Cell_V10
                0x000000000806df92                init_outport_bo0_co0_203std_bms_rctp_volt_9_12_Signal_Cell_V10
                0x000000000806e0e6                init_outport_bo0_co0_131std_rtpc_bms_sammeln_remoteTrigger
                0x000000000806dea4                init_outport_bo0_co0_212std_bms_rctp_temp_5_8_Signal_Cell_T6
                0x000000000806cd24                init_inport_singleShot_bo0_co0_103std_rtpc_bms_volt_9_12
                0x000000000806ca2a                init_Batterymodel_HiL_Inport_9af8b79728884e05ba8da73c37d34ec8
                0x000000000806e4e2                init_outport_bo0_co0_202std_bms_rctp_volt_5_8_Signal_Cell_V5
                0x000000000806cb50                init_inport_inTrigger_bo0_co0_112std_rtpc_bms_temp_5_8
                0x000000000806e16e                init_outport_bo0_co0_113std_rtpc_bms_temp_9_12_timeStamp
                0x000000000806d974                init_Batterymodel_HiL_Inport_fdadb9c4865a4c179bc171b8939a2139
                0x000000000806e8bc                init_Batterymodel_HiL_Outport_77a5a00c8c7f41a39501c14aa0fdbb90
                0x000000000806cc76                init_Batterymodel_HiL_Inport_5a2c054392d04eb39ccb8cbdbfecf1fb
                0x000000000806ddb6                init_outport_bo0_co0_221std_bms_rtcp_bal_Signal_Cell_6
                0x000000000806ceba                init_Batterymodel_HiL_Inport_1118bb50198b4ae693ed4687be47bea8
                0x000000000806ce0c                init_Batterymodel_HiL_Inport_2c5e56cbca574c8b8273d4d76894f539
                0x000000000806d294                init_inport_singleShot_bo0_co0_102std_rtpc_bms_volt_5_8
                0x000000000806e190                init_outport_bo0_co0_213std_bms_rctp_temp_9_12_Signal_Cell_T10
                0x000000000806cb16                init_inport_bo0_co0_111std_rtpc_bms_temp_1_4_Signal_Cell_T1
                0x000000000806ca64                init_inport_cycleTime_bo0_co0_101std_rtpc_bms_volt_1_4
                0x000000000806dd94                init_outport_bo0_co0_213std_bms_rctp_temp_9_12_timeStamp
                0x000000000806d67a                init_inport_bo0_co0_102std_rtpc_bms_volt_5_8_Signal_Cell_V6
                0x000000000806d3b6                init_Batterymodel_HiL_Inport_1aa81392a06543e28f7f115ca11f0e21
                0x000000000806d852                init_Batterymodel_HiL_Inport_cbc74688ca1a40d89030d05db9f2b746
                0x000000000806e922                init_outport_bo0_co0_112std_rtpc_bms_temp_5_8_remoteTrigger
                0x000000000806e944                init_outport_bo0_co0_211std_bms_rctp_temp_1_4_Signal_Cell_T3
                0x000000000806dca6                init_Batterymodel_HiL_Outport_446ce2602d3b4e1881378e07ef73b01d
                0x000000000806e0a2                init_outport_bo0_co0_111std_rtpc_bms_temp_1_4_timeStamp
                0x000000000806dd50                init_outport_bo0_co0_212std_bms_rctp_temp_5_8_Signal_Cell_T7
                0x000000000806cef4                init_Batterymodel_HiL_Inport_44f08e9fb15044538506afc7ffbe6d27
                0x000000000806ce46                init_Batterymodel_HiL_Inport_79d35aea949846dfa9d2557c64a91b2f
                0x000000000806d138                init_inport_bo0_co0_101std_rtpc_bms_volt_1_4_Signal_Cell_V4
                0x000000000806ca9e                init_inport_inTrigger_bo0_co0_102std_rtpc_bms_volt_5_8
                0x000000000806e416                init_outport_bo0_co0_202std_bms_rctp_volt_5_8_Signal_Cell_V6
                0x000000000806e01a                init_outport_bo0_co0_221std_bms_rtcp_bal_Signal_Reserviert_1
                0x000000000806c97c                init_inport_bo0_co0_113std_rtpc_bms_temp_9_12_Signal_Cell_T10
                0x000000000806e218                init_Batterymodel_HiL_Outport_592bd8adcb6744019cadee1ed411b7a4
                0x000000000806e03c                init_Batterymodel_HiL_Outport_e90304c6c8ab41d3bd6e01af2a0cfe07
                0x000000000806d308                init_inport_bo0_co0_131std_rtpc_bms_sammeln_Signal_Laden
                0x000000000806e900                init_Batterymodel_HiL_Outport_ae56536c014e4335aa010fbb6a849fda
                0x000000000806e5ae                init_Batterymodel_HiL_Outport_788f35ea1f6a4722bda603f6c6239181
                0x000000000806dec6                init_outport_bo0_co0_221std_bms_rtcp_bal_Signal_Cell_5
                0x000000000806dad0                init_Batterymodel_HiL_Inport_3fb57075b1184ce49f3616e85012bc84
                0x000000000806e3f4                init_outport_bo0_co0_201std_bms_rtcp_volt_1_4_Signal_Cell_V2
                0x000000000806cc02                init_inport_singleShot_bo0_co0_131std_rtpc_bms_sammeln
                0x000000000806ccea                init_Batterymodel_HiL_Inport_e8de47bb14a644cfa0bcc3dd4039efe2
                0x000000000806d93a                init_inport_bo0_co0_103std_rtpc_bms_volt_9_12_Signal_Cell_V12
                0x000000000806e4c0                init_outport_bo0_co0_201std_bms_rtcp_volt_1_4_timeStamp
                0x000000000806dc1e                init_outport_bo0_co0_211std_bms_rctp_temp_1_4_Signal_Cell_T2
                0x000000000806d016                init_Batterymodel_HiL_Inport_3054af4cfc024ebbb72155eba4a47508
                0x000000000806e768                init_Batterymodel_HiL_Outport_1ec134f7f6be4844bcf6588eae2bd279
                0x000000000806d51a                init_inport_inTrigger_bo0_co0_131std_rtpc_bms_sammeln
                0x000000000806e36c                init_outport_bo0_co0_202std_bms_rctp_volt_5_8_Signal_Cell_V7
                0x000000000806de3e                init_Batterymodel_HiL_Outport_b0d833b9157c4029a2c5a806846c3395
                0x000000000806e45a                init_Batterymodel_HiL_Outport_2ddcadef8a5f436290478a04bc7c1055
                0x000000000806d220                init_Batterymodel_HiL_Inport_f5f8caef45174e7380e3c4a8fe4cb757
                0x000000000806d88c                init_Batterymodel_HiL_Inport_ae811898dbd649e1ac99b1a2b2724afb
                0x000000000806c908                init_inport_bo0_co0_112std_rtpc_bms_temp_5_8_Signal_Cell_T7
                0x000000000806e23a                init_Batterymodel_HiL_Outport_e9f3213b679d49b5a809192b5ffd1354
                0x000000000806d37c                init_Batterymodel_HiL_Inport_976a3735ee5541328a41c9f82471a2ee
                0x000000000806e7ac                init_Batterymodel_HiL_Outport_832bf1c9bc1448de873929ed42036fea
                0x000000000806d818                init_inport_bo0_co0_113std_rtpc_bms_temp_9_12_Signal_Cell_T9
                0x000000000806d9e8                init_Batterymodel_HiL_Inport_ed52b6c96a7b42b98372ec744c0fdb9d
                0x000000000806d900                init_Batterymodel_HiL_Inport_afface7cf99645a0b61bd18f6b6e9044
                0x000000000806c738                init_inport_bo0_co0_111std_rtpc_bms_temp_1_4_Signal_Cell_T3
                0x000000000806cfa2                init_inport_cycleTime_bo0_co0_103std_rtpc_bms_volt_9_12
                0x000000000806dff8                init_outport_bo0_co0_221std_bms_rtcp_bal_Signal_Cell_4
                0x000000000806c9b6                init_Batterymodel_HiL_Inport_188ae718e49c4e0dbc49a5cd8e0f35af
                0x000000000806e34a                init_outport_bo0_co0_201std_bms_rtcp_volt_1_4_Signal_Cell_V3
                0x000000000806d1ac                init_Batterymodel_HiL_Inport_6126770687954aa5a70afb59f2aa9d34
                0x000000000806e746                init_outport_bo0_co0_231std_bms_rtcp_sammeln_Signal_SoC
                0x000000000806da22                init_inport_bo0_co0_103std_rtpc_bms_volt_9_12_Signal_Cell_V11
                0x000000000806e614                init_outport_bo0_co0_103std_rtpc_bms_volt_9_12_remoteTrigger
                0x000000000806dfb4                init_outport_bo0_co0_212std_bms_rctp_temp_5_8_Signal_Cell_T5
 *fill*         0x000000000806e9aa        0x2 90909090
 .text          0x000000000806e9ac      0x118 /home/labcar/codegen/lib/librtio.a(hwcident.o)
 .text          0x000000000806eac4      0x122 /home/labcar/codegen/lib/librtpc_os_config.a(rtpc_os_config.o)
                0x000000000806ebe1                rtpc_task_internal_exit
                0x000000000806ebdc                rtpc_task_internal_init
 *fill*         0x000000000806ebe6        0xa 90909090
 .text          0x000000000806ebf0     0xd069 /home/labcar/codegen/lib/libsimodels_batterymodel_hil_code.a(batterymodel_hil.o)
                0x0000000008072050                MdlOutputs_Batterymodel_HiL
                0x0000000008070f03                MdlUpdate_Batterymodel_HiL
                0x00000000080731cd                Batterymodel_HiL_initialize
                0x0000000008070efa                MdlTerminate_Batterymodel_HiL
                0x000000000806f30c                MdlInitializeSizes_Batterymodel_HiL
                0x000000000806ebf0                Batterymodel_HiL_terminate
                0x000000000807bc40                Batterymodel_HiL
                0x000000000806f366                MdlInitializeSampleTimes_Batterymodel_HiL
                0x000000000807013e                MdlStart_Batterymodel_HiL
                0x000000000806f36b                MdlInitialize_Batterymodel_HiL
 *fill*         0x000000000807bc59        0x3 90909090
 .text          0x000000000807bc5c       0xcc /home/labcar/codegen/lib/libsimodels_batterymodel_hil_code.a(rt_nonfinite.o)
                0x000000000807bc91                rtIsInfF
                0x000000000807bc5c                rtIsInf
                0x000000000807bcde                rt_InitInfAndNaN
                0x000000000807bcd1                rtIsNaNF
                0x000000000807bcc4                rtIsNaN
 *fill*         0x000000000807bd28        0x8 90909090
 .text          0x000000000807bd30       0x94 /home/labcar/codegen/lib/libsimodels_batterymodel_hil_code.a(rtgetinf.o)
                0x000000000807bdb1                rtGetMinusInfF
                0x000000000807bd7c                rtGetMinusInf
                0x000000000807bd69                rtGetInfF
                0x000000000807bd30                rtGetInf
 *fill*         0x000000000807bdc4        0xc 90909090
 .text          0x000000000807bdd0       0x74 /home/labcar/codegen/lib/libsimodels_batterymodel_hil_code.a(rtgetnan.o)
                0x000000000807bdd0                rtGetNaN
                0x000000000807be09                rtGetNaNF
 .text          0x000000000807be44        0x0 /home/labcar/codegen/lib/libsimodels_batterymodel_hil_code.a(batterymodel_hil_data.o)
 *fill*         0x000000000807be44        0xc 90909090
 .text          0x000000000807be50      0x409 /home/labcar/codegen/lib/libsimodels_batterymodel_hil_code.a(batterymodel_hil_main.o)
                0x000000000807c0aa                lcrt_Start_Batterymodel_HiL
                0x000000000807bfa8                lcrt_OneStep_Outputs_Batterymodel_HiL
                0x000000000807bef9                lcrt_OneStep_States_Batterymodel_HiL
                0x000000000807bebb                lcrt_Terminate_Batterymodel_HiL
 *fill*         0x000000000807c259        0x3 90909090
 .text          0x000000000807c25c       0x29 /home/labcar/codegen/lib/libsimodels_batterymodel_hil_code.a(rt_sim.o)
                0x000000000807c25c                rt_SimInitTimingEngine_Batterymodel_HiL
                0x000000000807c280                rt_SimUpdateDiscreteTaskSampleHits_Batterymodel_HiL
                0x000000000807c277                rt_SimGetNextSampleHit_Batterymodel_HiL
 *fill*         0x000000000807c285        0x3 90909090
 .text          0x000000000807c288      0x22c /home/labcar/codegen/lib/libsimodels_global_code.a(modcomm.o)
                0x000000000807c3e2                LC_registerModule
                0x000000000807c288                LC_getOutputArrayPtr
                0x000000000807c38a                LC_getNoInputs
                0x000000000807c2dd                LC_getNoOutputs
                0x000000000807c335                LC_getInputArrayPtr
 .text          0x000000000807c4b4      0x285 /home/labcar/codegen/lib/libsimodels_global_code.a(lcoutport.o)
                0x000000000807c699                LCOutport
 *fill*         0x000000000807c739        0x3 90909090
 .text          0x000000000807c73c      0x3a1 /home/labcar/codegen/lib/libsimodels_global_code.a(lcinport.o)
                0x000000000807ca3d                LCInport
 *fill*         0x000000000807cadd        0x3 90909090
 .text          0x000000000807cae0      0x1d6 /home/labcar/codegen/lib/librtio.a(es113x_rt.o)
                0x000000000807cc20                Es113x_ExitCode_Exit_HWCL
                0x000000000807cc34                Es113x_InitCode_Init_HWCF
                0x000000000807cc0c                Es113x_SyncSendCode_TaskDVEModel_HWCF
                0x000000000807cbf8                Es113x_SyncReceiveCode_TaskDVEModel_HWCF
 *fill*         0x000000000807ccb6        0x2 90909090
 .text          0x000000000807ccb8      0x118 /home/labcar/codegen/lib/librtio.a(es113x_ext.o)
 .text          0x000000000807cdd0      0x329 /home/labcar/lib/simulink/libsimulink_r2011b.a(rt_matrx.o)
                0x000000000807cf7c                rt_mxCreateString
                0x000000000807cfe2                rt_mxCreateCharMatrixFromStrings
                0x000000000807ce1f                rt_mxGetString
                0x000000000807cea7                rt_mxDuplicateArray
                0x000000000807ce14                rt_mxGetEps
                0x000000000807cf4d                rt_mxCreateNumericArray
                0x000000000807cf11                rt_mxCreateDoubleMatrix
                0x000000000807cdd0                rt_mxGetDimensions
 *fill*         0x000000000807d0f9        0x3 90909090
 .text          0x000000000807d0fc     0x282d /opt/elektrobit/tal/lib/libBusMirror.a(main.o)
                0x000000000807d894                sqlite3_db_config
                0x000000000807d316                sqlite3_shutdown
                0x000000000807f76a                sqlite3_test_control
                0x000000000807ea3e                sqlite3_extended_errcode
                0x000000000807e48d                sqlite3_create_function16
                0x000000000807f5c0                sqlite3_thread_cleanup
                0x000000000807e908                sqlite3_errmsg16
                0x000000000807dac4                sqlite3_close
                0x000000000807e412                sqlite3_create_function
                0x000000000807e9e8                sqlite3_errcode
                0x000000000807da38                sqlite3_last_insert_rowid
                0x000000000807f559                sqlite3_collation_needed16
                0x000000000807f62b                sqlite3_extended_result_codes
                0x000000000807d110                sqlite3_libversion_number
                0x000000000807f5a7                sqlite3_global_recover
                0x000000000807d0fc                sqlite3_libversion
                0x000000000807f674                sqlite3_file_control
                0x000000000807d889                sqlite3_db_mutex
                0x000000000807e537                sqlite3_overload_function
                0x000000000807e0ed                sqlite3_progress_handler
                0x000000000807e642                sqlite3_profile
                0x000000000807da5c                sqlite3CloseSavepoints
                0x000000000807e85a                sqlite3_errmsg
                0x000000000807e1cc                sqlite3CreateFunc
                0x000000000807e164                sqlite3_busy_timeout
                0x000000000807da46                sqlite3_changes
                0x000000000807e723                sqlite3_rollback_hook
                0x000000000807e09f                sqlite3_busy_handler
                0x000000000807f456                sqlite3_create_collation16
                0x000000000807e6d8                sqlite3_update_hook
                0x000000000807f23e                sqlite3_open_v2
                0x000000000807ec7a                sqlite3_limit
                0x000000000807e5f7                sqlite3_trace
                0x000000000807f5b1                sqlite3_get_autocommit
                0x000000000807f5c5                sqlite3_sleep
                0x000000000807e68d                sqlite3_commit_hook
                0x000000000807e76e                sqlite3TempInMemory
                0x000000000807f3de                sqlite3_create_collation_v2
                0x000000000807f50b                sqlite3_collation_needed
                0x000000000807d388                sqlite3_config
                0x000000000807f214                sqlite3_open
                0x000000000807f365                sqlite3_create_collation
                0x000000000807df99                sqlite3ErrStr
                0x000000000807de7c                sqlite3RollbackAll
                0x000000000807d124                sqlite3_initialize
                0x000000000807f266                sqlite3_open16
                0x000000000807d11a                sqlite3_threadsafe
                0x000000000807da51                sqlite3_total_changes
                0x000000000807e02e                sqlite3InvokeBusyHandler
                0x000000000807d106                sqlite3_sourceid
                0x000000000807e1ba                sqlite3_interrupt
                0x000000000807e782                sqlite3BtreeFactory
 *fill*         0x000000000807f929        0x3 90909090
 .text          0x000000000807f92c      0xf74 /opt/elektrobit/tal/lib/libBusMirror.a(malloc.o)
                0x000000000807fbf0                sqlite3_memory_used
                0x0000000008080837                sqlite3ApiExit
                0x000000000808052a                sqlite3DbMallocRaw
                0x000000000807fe75                sqlite3Malloc
                0x000000000807fedf                sqlite3_malloc
                0x000000000807ff0a                sqlite3ScratchMalloc
                0x00000000080806ed                sqlite3DbReallocOrFree
                0x000000000807f94b                sqlite3_soft_heap_limit
                0x000000000807f9fc                sqlite3MallocInit
                0x000000000807fbb3                sqlite3MallocEnd
                0x000000000807f9f2                sqlite3_release_memory
                0x000000000808026d                sqlite3DbFree
                0x0000000008080043                sqlite3ScratchFree
                0x00000000080804ea                sqlite3DbMallocZero
                0x00000000080801a8                sqlite3MallocSize
                0x000000000808072c                sqlite3DbStrDup
                0x000000000807fcbf                sqlite3_memory_alarm
                0x000000000808047f                sqlite3_realloc
                0x0000000008080201                sqlite3_free
                0x000000000807fc6b                sqlite3MemoryAlarm
                0x000000000807fc2e                sqlite3_memory_highwater
                0x0000000008080791                sqlite3DbStrNDup
                0x00000000080801be                sqlite3DbMallocSize
                0x00000000080807f1                sqlite3SetString
                0x00000000080802cd                sqlite3Realloc
                0x00000000080804b1                sqlite3MallocZero
                0x0000000008080602                sqlite3DbRealloc
 .text          0x00000000080808a0      0x120 /opt/elektrobit/tal/lib/libBusMirror.a(mem1.o)
                0x00000000080809a4                sqlite3MemSetDefault
 .text          0x00000000080809c0      0x186 /opt/elektrobit/tal/lib/libBusMirror.a(mutex.o)
                0x0000000008080a43                sqlite3MutexEnd
                0x0000000008080afa                sqlite3_mutex_try
                0x00000000080809c0                sqlite3MutexInit
                0x0000000008080ac2                sqlite3_mutex_free
                0x0000000008080a68                sqlite3_mutex_alloc
                0x0000000008080b2a                sqlite3_mutex_leave
                0x0000000008080ade                sqlite3_mutex_enter
                0x0000000008080a95                sqlite3MutexAlloc
 *fill*         0x0000000008080b46        0x2 90909090
 .text          0x0000000008080b48      0x1ad /opt/elektrobit/tal/lib/libBusMirror.a(mutex_unix.o)
                0x0000000008080ceb                sqlite3DefaultMutex
 *fill*         0x0000000008080cf5        0x3 90909090
 .text          0x0000000008080cf8      0x63b /opt/elektrobit/tal/lib/libBusMirror.a(os.o)
                0x0000000008080f2b                sqlite3OsDelete
                0x0000000008080f7a                sqlite3OsFullPathname
                0x000000000808108b                sqlite3OsOpenMalloc
                0x0000000008081259                sqlite3_vfs_register
                0x0000000008080e5d                sqlite3OsCheckReservedLock
                0x0000000008080e00                sqlite3OsFileSize
                0x0000000008080de1                sqlite3OsSync
                0x000000000808106e                sqlite3OsCurrentTime
                0x0000000008080fec                sqlite3OsDlSym
                0x0000000008080f4f                sqlite3OsAccess
                0x0000000008080ea2                sqlite3OsSectorSize
                0x000000000808102d                sqlite3OsRandomness
                0x00000000080810f9                sqlite3OsCloseFree
                0x0000000008080d6f                sqlite3OsWrite
                0x0000000008081010                sqlite3OsDlClose
                0x0000000008080ed5                sqlite3OsDeviceCharacteristics
                0x0000000008080cf8                sqlite3OsClose
                0x0000000008080e7c                sqlite3OsFileControl
                0x0000000008080e1f                sqlite3OsLock
                0x00000000080812f6                sqlite3_vfs_unregister
                0x0000000008080e3e                sqlite3OsUnlock
                0x0000000008080eed                sqlite3OsOpen
                0x0000000008081160                sqlite3_vfs_find
                0x0000000008080daf                sqlite3OsTruncate
                0x0000000008080d2f                sqlite3OsRead
                0x0000000008081124                sqlite3OsInit
                0x0000000008080fc8                sqlite3OsDlError
                0x0000000008080fab                sqlite3OsDlOpen
                0x0000000008081051                sqlite3OsSleep
 *fill*         0x0000000008081333        0x1 90909090
 .text          0x0000000008081334     0x26a9 /opt/elektrobit/tal/lib/libBusMirror.a(os_unix.o)
                0x00000000080839d3                sqlite3_os_end
                0x000000000808398b                sqlite3_os_init
 *fill*         0x00000000080839dd        0x3 90909090
 .text          0x00000000080839e0     0x505c /opt/elektrobit/tal/lib/libBusMirror.a(pager.o)
                0x00000000080883af                sqlite3PagerIsMemdb
                0x0000000008087e14                sqlite3PagerDontWrite
                0x0000000008086f95                sqlite3PagerSharedLock
                0x00000000080877e1                sqlite3PagerBegin
                0x0000000008086075                sqlite3PagerClose
                0x0000000008086067                sqlite3PagerTruncateImage
                0x0000000008085e93                sqlite3PagerPagecount
                0x0000000008085cc2                sqlite3PagerSetBusyhandler
                0x0000000008088721                sqlite3PagerMovepage
                0x0000000008085dec                sqlite3PagerMaxPageCount
                0x0000000008085dde                sqlite3PagerTempSpace
                0x0000000008085e1c                sqlite3PagerReadFileheader
                0x0000000008085bdb                sqlite3PagerSetCachesize
                0x0000000008088261                sqlite3PagerRollback
                0x0000000008088383                sqlite3PagerRefcount
                0x000000000808839c                sqlite3PagerPageRefcount
                0x0000000008087bcf                sqlite3PagerWrite
                0x0000000008088712                sqlite3PagerNosync
                0x0000000008088a2f                sqlite3PagerBackupPtr
                0x0000000008085bfb                sqlite3PagerSetSafetyLevel
                0x00000000080885c8                sqlite3PagerSavepoint
                0x00000000080881cb                sqlite3PagerCommitPhaseTwo
                0x00000000080886ef                sqlite3PagerVfs
                0x0000000008086117                sqlite3PagerRef
                0x0000000008087f39                sqlite3PagerCommitPhaseOne
                0x00000000080889e5                sqlite3PagerJournalSizeLimit
                0x0000000008088704                sqlite3PagerJournalname
                0x0000000008088374                sqlite3PagerIsreadonly
                0x00000000080875b4                sqlite3PagerUnref
                0x000000000808892b                sqlite3PagerGetData
                0x00000000080883be                sqlite3PagerOpenSavepoint
                0x000000000808896b                sqlite3PagerJournalMode
                0x00000000080873ab                sqlite3PagerAcquire
                0x0000000008086738                sqlite3PagerOpen
                0x0000000008088935                sqlite3PagerGetExtra
                0x0000000008087efb                sqlite3PagerSync
                0x00000000080886e1                sqlite3PagerFilename
                0x000000000808757b                sqlite3PagerLookup
                0x0000000008085cdf                sqlite3PagerSetPagesize
                0x0000000008088940                sqlite3PagerLockingMode
                0x00000000080886f9                sqlite3PagerFile
 .text          0x0000000008088a3c      0xa7c /opt/elektrobit/tal/lib/libBusMirror.a(pcache.o)
                0x0000000008089403                sqlite3PcacheDirtyList
                0x0000000008089006                sqlite3PcacheMakeDirty
                0x0000000008088c59                sqlite3PcacheSetPageSize
                0x0000000008088c8f                sqlite3PcacheFetch
                0x0000000008089448                sqlite3PcachePageRefcount
                0x0000000008089050                sqlite3PcacheMakeClean
                0x0000000008089485                sqlite3PcacheSetCachesize
                0x0000000008089101                sqlite3PcacheMove
                0x0000000008088f95                sqlite3PcacheDrop
                0x000000000808943d                sqlite3PcacheRefCount
                0x0000000008089222                sqlite3PcacheClose
                0x0000000008088f0e                sqlite3PcacheRelease
                0x000000000808909e                sqlite3PcacheCleanAll
                0x0000000008088f7f                sqlite3PcacheRef
                0x0000000008089181                sqlite3PcacheTruncate
                0x0000000008088bf5                sqlite3PcacheSize
                0x0000000008089244                sqlite3PcacheClear
                0x0000000008089455                sqlite3PcachePagecount
                0x0000000008088bff                sqlite3PcacheOpen
                0x0000000008088bae                sqlite3PcacheInitialize
                0x0000000008088bd4                sqlite3PcacheShutdown
                0x00000000080890c1                sqlite3PcacheClearSyncFlags
 .text          0x00000000080894b8      0xc93 /opt/elektrobit/tal/lib/libBusMirror.a(pcache1.o)
                0x0000000008089717                sqlite3PageFree
                0x00000000080896e4                sqlite3PageMalloc
                0x000000000808a12f                sqlite3PCacheSetDefault
                0x00000000080894b8                sqlite3PCacheBufferSetup
 *fill*         0x000000000808a14b        0x1 90909090
 .text          0x000000000808a14c     0x1388 /opt/elektrobit/tal/lib/libBusMirror.a(prepare.o)
                0x000000000808a98f                sqlite3Init
                0x000000000808b45a                sqlite3_prepare16
                0x000000000808abfd                sqlite3SchemaToIndex
                0x000000000808b2e8                sqlite3_prepare_v2
                0x000000000808b497                sqlite3_prepare16_v2
                0x000000000808b2a3                sqlite3_prepare
                0x000000000808a214                sqlite3InitCallback
                0x000000000808aab5                sqlite3ReadSchema
                0x000000000808b1cd                sqlite3Reprepare
 .text          0x000000000808b4d4     0x1e78 /opt/elektrobit/tal/lib/libBusMirror.a(printf.o)
                0x000000000808cfd3                sqlite3StrAccumReset
                0x000000000808b598                sqlite3VXPrintf
                0x000000000808d2a4                sqlite3_snprintf
                0x000000000808d266                sqlite3_mprintf
                0x000000000808d00c                sqlite3StrAccumInit
                0x000000000808d31d                sqlite3XPrintf
                0x000000000808d1a0                sqlite3_vmprintf
                0x000000000808cf2e                sqlite3StrAccumFinish
                0x000000000808d060                sqlite3VMPrintf
                0x000000000808cd88                sqlite3StrAccumAppend
                0x000000000808d161                sqlite3MAppendf
                0x000000000808d134                sqlite3MPrintf
 .text          0x000000000808d34c      0x276 /opt/elektrobit/tal/lib/libBusMirror.a(random.o)
                0x000000000808d56e                sqlite3PrngSaveState
                0x000000000808d592                sqlite3PrngRestoreState
                0x000000000808d5b6                sqlite3PrngResetState
                0x000000000808d51f                sqlite3_randomness
 *fill*         0x000000000808d5c2        0x2 90909090
 .text          0x000000000808d5c4      0x14c /opt/elektrobit/tal/lib/libBusMirror.a(status.o)
                0x000000000808d5c4                sqlite3StatusValue
                0x000000000808d61b                sqlite3StatusSet
                0x000000000808d5d3                sqlite3StatusAdd
                0x000000000808d6b8                sqlite3_db_status
                0x000000000808d659                sqlite3_status
 .text          0x000000000808d710      0xe80 /opt/elektrobit/tal/lib/libBusMirror.a(tokenize.o)
                0x000000000808d82e                sqlite3KeywordCode
                0x000000000808d848                sqlite3GetToken
                0x000000000808e0b3                sqlite3RunParser
 .text          0x000000000808e590     0x1b93 /opt/elektrobit/tal/lib/libBusMirror.a(trigger.o)
                0x000000000808f172                sqlite3TriggerDeleteStep
                0x000000000808fefa                sqlite3CodeRowTriggerDirect
                0x000000000808f009                sqlite3TriggerInsertStep
                0x000000000808f729                sqlite3TriggersExist
                0x000000000808ffeb                sqlite3CodeRowTrigger
                0x000000000808e615                sqlite3TriggerList
                0x000000000808e590                sqlite3DeleteTriggerStep
                0x000000000808f263                sqlite3DropTrigger
                0x000000000808ef34                sqlite3TriggerSelectStep
                0x000000000808f5f6                sqlite3UnlinkAndDeleteTrigger
                0x000000000808f1db                sqlite3DeleteTrigger
                0x000000000809006f                sqlite3TriggerColmask
                0x000000000808ec20                sqlite3FinishTrigger
                0x000000000808e6ee                sqlite3BeginTrigger
                0x000000000808f3e2                sqlite3DropTriggerPtr
                0x000000000808f0cc                sqlite3TriggerUpdateStep
 *fill*         0x0000000008090123        0x1 90909090
 .text          0x0000000008090124     0x16ae /opt/elektrobit/tal/lib/libBusMirror.a(update.o)
                0x0000000008090124                sqlite3ColumnDefault
                0x0000000008090215                sqlite3Update
 *fill*         0x00000000080917d2        0x2 90909090
 .text          0x00000000080917d4      0xa98 /opt/elektrobit/tal/lib/libBusMirror.a(utf.o)
                0x0000000008092104                sqlite3Utf16to8
                0x000000000809208e                sqlite3Utf8CharLen
                0x00000000080917d4                sqlite3Utf8Read
                0x00000000080921b6                sqlite3Utf16ByteLen
                0x0000000008091873                sqlite3VdbeMemTranslate
                0x0000000008091f9a                sqlite3VdbeMemHandleBom
 .text          0x000000000809226c     0x15cc /opt/elektrobit/tal/lib/libBusMirror.a(util.o)
                0x0000000008092d33                sqlite3Atoi64
                0x0000000008092538                sqlite3StrICmp
                0x0000000008092e98                sqlite3FitsIn64Bits
                0x000000000809226c                sqlite3IsNaN
                0x000000000809264d                sqlite3IsNumber
                0x00000000080937f9                sqlite3SafetyCheckSickOrOk
                0x0000000008093533                sqlite3GetVarint32
                0x0000000008092f1a                sqlite3GetInt32
                0x0000000008093711                sqlite3HexToBlob
                0x000000000809245c                sqlite3Dequote
                0x00000000080925b0                sqlite3_strnicmp
                0x0000000008093161                sqlite3PutVarint32
                0x00000000080936b5                sqlite3Put4byte
                0x00000000080937bd                sqlite3SafetyCheckOk
                0x00000000080922e9                sqlite3Error
                0x000000000809362d                sqlite3VarintLen
                0x0000000008092429                sqlite3ErrorClear
                0x00000000080923c4                sqlite3ErrorMsg
                0x00000000080922a8                sqlite3Strlen30
                0x000000000809303f                sqlite3PutVarint
                0x00000000080927e5                sqlite3AtoF
                0x00000000080931bd                sqlite3GetVarint
                0x0000000008093672                sqlite3Get4byte
 .text          0x0000000008093838     0x1c0e /opt/elektrobit/tal/lib/libBusMirror.a(vdbeapi.o)
                0x0000000008094dbf                sqlite3_bind_int
                0x0000000008093d35                sqlite3_result_text16
                0x0000000008094746                sqlite3_column_blob
                0x0000000008094812                sqlite3_column_int
                0x0000000008093c5b                sqlite3_result_error16
                0x0000000008094845                sqlite3_column_int64
                0x0000000008094d4f                sqlite3_bind_double
                0x0000000008094366                sqlite3_user_data
                0x0000000008094d18                sqlite3_bind_blob
                0x0000000008094948                sqlite3_column_type
                0x00000000080938d6                sqlite3_reset
                0x0000000008094e60                sqlite3_bind_null
                0x0000000008093dc5                sqlite3_result_value
                0x0000000008093bf4                sqlite3_result_double
                0x0000000008093cbf                sqlite3_result_int64
                0x0000000008093b00                sqlite3_value_text
                0x0000000008094a42                sqlite3_column_name16
                0x0000000008093e96                sqlite3_result_error_nomem
                0x0000000008094a17                sqlite3_column_name
                0x00000000080950bf                sqlite3_bind_parameter_count
                0x0000000008093b51                sqlite3_value_text16le
                0x000000000809461a                sqlite3_data_count
                0x00000000080953c4                sqlite3_next_stmt
                0x00000000080947df                sqlite3_column_double
                0x0000000008094f0a                sqlite3_bind_value
                0x0000000008093ac7                sqlite3_value_double
                0x0000000008093b1b                sqlite3_value_text16
                0x0000000008093d65                sqlite3_result_text16be
                0x0000000008093b36                sqlite3_value_text16be
                0x00000000080948b1                sqlite3_column_value
                0x000000000809487e                sqlite3_column_text
                0x0000000008094e9c                sqlite3_bind_text
                0x0000000008094ed3                sqlite3_bind_text16
                0x0000000008093d95                sqlite3_result_text16le
                0x0000000008093bc4                sqlite3_result_blob
                0x00000000080951c5                sqlite3VdbeParameterIndex
                0x0000000008094de9                sqlite3_bind_int64
                0x0000000008093e56                sqlite3_result_error_toobig
                0x0000000008093838                sqlite3_expired
                0x0000000008094470                sqlite3_get_auxdata
                0x00000000080947ac                sqlite3_column_bytes16
                0x0000000008093c99                sqlite3_result_int
                0x0000000008093d05                sqlite3_result_text
                0x0000000008094779                sqlite3_column_bytes
                0x0000000008093b6c                sqlite3_value_type
                0x0000000008094373                sqlite3_context_db_handle
                0x00000000080945df                sqlite3_aggregate_count
                0x0000000008093dff                sqlite3_result_error_code
                0x00000000080944b1                sqlite3_set_auxdata
                0x0000000008094a97                sqlite3_column_decltype16
                0x00000000080953a2                sqlite3_db_handle
                0x000000000809531c                sqlite3_transfer_bindings
                0x0000000008094915                sqlite3_column_text16
                0x0000000008095408                sqlite3_stmt_status
                0x0000000008094234                sqlite3_step
                0x0000000008093aed                sqlite3_value_int64
                0x0000000008093de2                sqlite3_result_zeroblob
                0x0000000008095170                sqlite3_bind_parameter_name
                0x0000000008093c1d                sqlite3_result_error
                0x0000000008095263                sqlite3_bind_parameter_index
                0x000000000809386a                sqlite3_finalize
                0x0000000008093cef                sqlite3_result_null
                0x0000000008093aac                sqlite3_value_bytes16
                0x0000000008093a25                sqlite3_value_blob
                0x0000000008093a91                sqlite3_value_bytes
                0x00000000080945ed                sqlite3_column_count
                0x00000000080943cc                sqlite3_aggregate_context
                0x0000000008094a6c                sqlite3_column_decltype
                0x000000000809505b                sqlite3_bind_zeroblob
                0x000000000809528c                sqlite3TransferBindings
                0x0000000008093979                sqlite3_clear_bindings
                0x0000000008093ada                sqlite3_value_int
                0x000000000809437e                sqlite3InvalidFunction
 *fill*         0x0000000008095446        0x2 90909090
 .text          0x0000000008095448     0x3f9f /opt/elektrobit/tal/lib/libBusMirror.a(vdbeaux.o)
                0x0000000008097b2a                sqlite3VdbeCheckFk
                0x0000000008095c9b                sqlite3VdbeChangeP3
                0x00000000080961d6                sqlite3VdbeGetOp
                0x0000000008095448                sqlite3VdbeCreate
                0x0000000008097390                sqlite3VdbeSetColName
                0x0000000008095f0f                sqlite3VdbeChangeToNoop
                0x0000000008098182                sqlite3VdbeFinalize
                0x00000000080992d1                sqlite3ExpirePreparedStatements
                0x0000000008095d04                sqlite3VdbeJumpHere
                0x0000000008098fe5                sqlite3VdbeIdxRowid
                0x0000000008095c6f                sqlite3VdbeChangeP2
                0x00000000080958b3                sqlite3VdbeMakeLabel
                0x0000000008096781                sqlite3VdbeList
                0x00000000080993ac                sqlite3VdbeSetVarmask
                0x000000000809847b                sqlite3VdbeSerialType
                0x00000000080992c5                sqlite3VdbeCountChanges
                0x0000000008097fe0                sqlite3VdbeResetStepResult
                0x0000000008095c43                sqlite3VdbeChangeP1
                0x0000000008095775                sqlite3VdbeAddOp0
                0x0000000008095541                sqlite3VdbeSwap
                0x00000000080966f9                sqlite3VdbeFrameDelete
                0x00000000080954d1                sqlite3VdbeSetSql
                0x00000000080972dd                sqlite3VdbeSetNumCols
                0x00000000080970bb                sqlite3VdbeFreeCursor
                0x0000000008095ac6                sqlite3VdbeCurrentAddr
                0x0000000008098611                sqlite3VdbeSerialTypeLen
                0x0000000008095510                sqlite3_sql
                0x00000000080957a7                sqlite3VdbeAddOp1
                0x0000000008099307                sqlite3VdbeGetValue
                0x0000000008097131                sqlite3VdbeFrameRestore
                0x00000000080957d8                sqlite3VdbeAddOp2
                0x0000000008095957                sqlite3VdbeResolveLabel
                0x0000000008098d8a                sqlite3VdbeRecordCompare
                0x0000000008098b33                sqlite3VdbeRecordUnpack
                0x0000000008098641                sqlite3VdbeSerialPut
                0x00000000080965f4                sqlite3VdbeUsesBtree
                0x000000000809585d                sqlite3VdbeAddOp4Int
                0x0000000008095b0c                sqlite3VdbeAddOpList
                0x0000000008097b14                sqlite3VdbeMutexArrayEnter
                0x000000000809878b                sqlite3VdbeSerialGet
                0x00000000080956cc                sqlite3VdbeAddOp3
                0x0000000008095ad1                sqlite3VdbeTakeOpArray
                0x0000000008096d27                sqlite3VdbeMakeReady
                0x00000000080992fd                sqlite3VdbeDb
                0x00000000080979f3                sqlite3VdbeCloseStatement
                0x0000000008095cc7                sqlite3VdbeChangeP5
                0x0000000008095808                sqlite3VdbeAddOp4
                0x000000000809918e                sqlite3VdbeIdxKeyCompare
                0x0000000008095e8e                sqlite3VdbeProgramDelete
                0x0000000008098367                sqlite3VdbeCursorMoveto
                0x00000000080992a6                sqlite3VdbeSetChanges
                0x000000000809823a                sqlite3VdbeDelete
                0x0000000008097bd5                sqlite3VdbeHalt
                0x0000000008095f96                sqlite3VdbeChangeP4
                0x0000000008097fef                sqlite3VdbeReset
                0x00000000080981c7                sqlite3VdbeDeleteAuxData
                0x0000000008098d1d                sqlite3VdbeDeleteUnpackedRecord
 *fill*         0x00000000080993e7        0x1 90909090
 .text          0x00000000080993e8     0x1b63 /opt/elektrobit/tal/lib/libBusMirror.a(vdbemem.o)
                0x000000000809a8bb                sqlite3VdbeMemFromBtree
                0x0000000008099c1b                sqlite3VdbeRealValue
                0x000000000809974a                sqlite3VdbeMemNulTerminate
                0x0000000008099b3c                sqlite3VdbeIntValue
                0x000000000809a433                sqlite3MemCompare
                0x000000000809998f                sqlite3VdbeMemReleaseExternal
                0x000000000809a180                sqlite3VdbeMemMove
                0x0000000008099ea8                sqlite3VdbeMemSetZeroBlob
                0x000000000809a1ca                sqlite3VdbeMemSetStr
                0x0000000008099d9f                sqlite3VdbeMemRealify
                0x000000000809a00f                sqlite3VdbeMemTooBig
                0x000000000809ab3f                sqlite3ValueNew
                0x0000000008099a58                sqlite3VdbeMemRelease
                0x000000000809aea7                sqlite3ValueFree
                0x00000000080995ce                sqlite3VdbeMemMakeWriteable
                0x000000000809943a                sqlite3VdbeMemGrow
                0x0000000008099e46                sqlite3VdbeMemSetNull
                0x000000000809aed5                sqlite3ValueBytes
                0x000000000809aa1f                sqlite3ValueText
                0x0000000008099ef1                sqlite3VdbeMemSetInt64
                0x0000000008099f2e                sqlite3VdbeMemSetDouble
                0x000000000809ab7f                sqlite3ValueFromExpr
                0x000000000809968c                sqlite3VdbeMemExpandBlob
                0x00000000080998ea                sqlite3VdbeMemFinalize
                0x000000000809a06d                sqlite3VdbeMemShallowCopy
                0x00000000080993e8                sqlite3VdbeChangeEncoding
                0x0000000008099dd4                sqlite3VdbeMemNumerify
                0x000000000809ae6b                sqlite3ValueSetStr
                0x00000000080997f0                sqlite3VdbeMemStringify
                0x0000000008099f82                sqlite3VdbeMemSetRowSet
                0x0000000008099d68                sqlite3VdbeMemIntegerify
                0x0000000008099ce4                sqlite3VdbeIntegerAffinity
                0x000000000809a0f1                sqlite3VdbeMemCopy
 *fill*         0x000000000809af4b        0x1 90909090
 .text          0x000000000809af4c     0x188f /opt/elektrobit/tal/lib/libBusMirror.a(vtab.o)
                0x000000000809c3d6                sqlite3VtabRollback
                0x000000000809b0c2                sqlite3_create_module_v2
                0x000000000809b134                sqlite3VtabUnlock
                0x000000000809b105                sqlite3GetVTable
                0x000000000809c4e7                sqlite3VtabOverloadFunction
                0x000000000809b867                sqlite3VtabArgInit
                0x000000000809c700                sqlite3VtabMakeWritable
                0x000000000809b0f1                sqlite3VtabLock
                0x000000000809b5be                sqlite3VtabFinishParse
                0x000000000809be87                sqlite3VtabCallCreate
                0x000000000809bc89                sqlite3VtabCallConnect
                0x000000000809b3b9                sqlite3VtabBeginParse
                0x000000000809b262                sqlite3VtabClear
                0x000000000809bf97                sqlite3_declare_vtab
                0x000000000809b210                sqlite3VtabUnlockList
                0x000000000809c416                sqlite3VtabBegin
                0x000000000809b894                sqlite3VtabArgExtend
                0x000000000809c1a5                sqlite3VtabCallDestroy
                0x000000000809c3f6                sqlite3VtabCommit
                0x000000000809b092                sqlite3_create_module
                0x000000000809c305                sqlite3VtabSync
 *fill*         0x000000000809c7db        0x1 90909090
 .text          0x000000000809c7dc     0x6328 /opt/elektrobit/tal/lib/libBusMirror.a(where.o)
                0x00000000080a1962                sqlite3WhereBegin
                0x00000000080a2662                sqlite3WhereEnd
 .text          0x00000000080a2b04      0xe66 /opt/elektrobit/tal/lib/libBusMirror.a(analyze.o)
                0x00000000080a3599                sqlite3Analyze
                0x00000000080a3855                sqlite3DeleteIndexSamples
                0x00000000080a385a                sqlite3AnalysisLoad
 *fill*         0x00000000080a396a        0x2 90909090
 .text          0x00000000080a396c      0xdfc /opt/elektrobit/tal/lib/libBusMirror.a(attach.o)
                0x00000000080a45bf                sqlite3FixExpr
                0x00000000080a438d                sqlite3FixInit
                0x00000000080a434e                sqlite3Attach
                0x00000000080a43ed                sqlite3FixSrcList
                0x00000000080a450b                sqlite3FixSelect
                0x00000000080a46df                sqlite3FixTriggerStep
                0x00000000080a4679                sqlite3FixExprList
                0x00000000080a430d                sqlite3Detach
 .text          0x00000000080a4768      0x3da /opt/elektrobit/tal/lib/libBusMirror.a(auth.o)
                0x00000000080a4a0e                sqlite3AuthCheck
                0x00000000080a4b18                sqlite3AuthContextPop
                0x00000000080a4af0                sqlite3AuthContextPush
                0x00000000080a4768                sqlite3_set_authorizer
                0x00000000080a47d9                sqlite3AuthReadCol
                0x00000000080a48ce                sqlite3AuthRead
 *fill*         0x00000000080a4b42        0x2 90909090
 .text          0x00000000080a4b44      0xe9b /opt/elektrobit/tal/lib/libBusMirror.a(backup.o)
                0x00000000080a4c6c                sqlite3_backup_init
                0x00000000080a5918                sqlite3BackupRestart
                0x00000000080a5941                sqlite3BtreeCopyFile
                0x00000000080a5744                sqlite3_backup_finish
                0x00000000080a58a6                sqlite3_backup_pagecount
                0x00000000080a58b1                sqlite3BackupUpdate
                0x00000000080a5103                sqlite3_backup_step
                0x00000000080a589b                sqlite3_backup_remaining
 *fill*         0x00000000080a59df        0x1 90909090
 .text          0x00000000080a59e0      0x958 /opt/elektrobit/tal/lib/libBusMirror.a(bitvec.o)
                0x00000000080a5f97                sqlite3BitvecDestroy
                0x00000000080a5b4b                sqlite3BitvecSet
                0x00000000080a5a08                sqlite3BitvecTest
                0x00000000080a5deb                sqlite3BitvecClear
                0x00000000080a5fe9                sqlite3BitvecBuiltinTest
                0x00000000080a59e0                sqlite3BitvecCreate
                0x00000000080a5fdf                sqlite3BitvecSize
 .text          0x00000000080a6338      0x42d /opt/elektrobit/tal/lib/libBusMirror.a(btmutex.o)
                0x00000000080a6715                sqlite3BtreeMutexArrayLeave
                0x00000000080a6386                sqlite3BtreeEnter
                0x00000000080a66c4                sqlite3BtreeMutexArrayEnter
                0x00000000080a64b2                sqlite3BtreeEnterAll
                0x00000000080a649d                sqlite3BtreeLeaveCursor
                0x00000000080a6451                sqlite3BtreeLeave
                0x00000000080a6488                sqlite3BtreeEnterCursor
                0x00000000080a65a6                sqlite3BtreeLeaveAll
                0x00000000080a6610                sqlite3BtreeMutexArrayInsert
 *fill*         0x00000000080a6765        0x3 90909090
 .text          0x00000000080a6768     0xb2a2 /opt/elektrobit/tal/lib/libBusMirror.a(btree.o)
                0x00000000080aa6d4                sqlite3BtreeCommit
                0x00000000080aa261                sqlite3BtreeIncrVacuum
                0x00000000080b1828                sqlite3BtreeIsInReadTrans
                0x00000000080b17fc                sqlite3BtreeIsInTrans
                0x00000000080af1bb                sqlite3BtreeInsert
                0x00000000080a91f9                sqlite3BtreeSetAutoVacuum
                0x00000000080ab917                sqlite3BtreeFirst
                0x00000000080b0282                sqlite3BtreeUpdateMeta
                0x00000000080aac50                sqlite3BtreeDataSize
                0x00000000080a9276                sqlite3BtreeGetAutoVacuum
                0x00000000080b196a                sqlite3BtreePutData
                0x00000000080ac23c                sqlite3BtreePrevious
                0x00000000080b18a8                sqlite3BtreeSchemaLocked
                0x00000000080a8649                sqlite3BtreeOpen
                0x00000000080a6768                sqlite3_enable_shared_cache
                0x00000000080ab96a                sqlite3BtreeLast
                0x00000000080a979a                sqlite3BtreeBeginTrans
                0x00000000080ab2c0                sqlite3BtreeData
                0x00000000080b1336                sqlite3BtreeIntegrityCheck
                0x00000000080abff9                sqlite3BtreeNext
                0x00000000080aaa20                sqlite3BtreeCursor
                0x00000000080afea2                sqlite3BtreeClearTable
                0x00000000080b17e4                sqlite3BtreeGetJournalname
                0x00000000080abfe5                sqlite3BtreeEof
                0x00000000080aa65d                sqlite3BtreeCommitPhaseTwo
                0x00000000080b17cc                sqlite3BtreeGetFilename
                0x00000000080b02fe                sqlite3BtreeCount
                0x00000000080aa7af                sqlite3BtreeRollback
                0x00000000080aaa6b                sqlite3BtreeCursorSize
                0x00000000080a8e9a                sqlite3BtreeClose
                0x00000000080a9168                sqlite3BtreeGetPageSize
                0x00000000080b183c                sqlite3BtreeIsInBackup
                0x00000000080a903a                sqlite3BtreeSyncDisabled
                0x00000000080b0237                sqlite3BtreeGetMeta
                0x00000000080a6eb7                sqlite3BtreeCursorHasMoved
                0x00000000080aa8d9                sqlite3BtreeSavepoint
                0x00000000080aaa98                sqlite3BtreeSetCachedRowid
                0x00000000080a6cdf                sqlite3BtreeClearCursor
                0x00000000080aa537                sqlite3BtreeCommitPhaseOne
                0x00000000080a91be                sqlite3BtreeMaxPageCount
                0x00000000080a9074                sqlite3BtreeSetPageSize
                0x00000000080afc57                sqlite3BtreeCreateTable
                0x00000000080ab416                sqlite3BtreeKeyFetch
                0x00000000080aaaf6                sqlite3BtreeCloseCursor
                0x00000000080aa879                sqlite3BtreeBeginStmt
                0x00000000080ab9e8                sqlite3BtreeMovetoUnpacked
                0x00000000080aa71f                sqlite3BtreeTripAllCursors
                0x00000000080a8fb3                sqlite3BtreeSetCacheSize
                0x00000000080b184f                sqlite3BtreeSchema
                0x00000000080aaa75                sqlite3BtreeCursorZero
                0x00000000080af53e                sqlite3BtreeDelete
                0x00000000080ab290                sqlite3BtreeKey
                0x00000000080ab450                sqlite3BtreeDataFetch
                0x00000000080a8ff3                sqlite3BtreeSetSafetyLevel
                0x00000000080b18e7                sqlite3BtreeLockTable
                0x00000000080b01fa                sqlite3BtreeDropTable
                0x00000000080aaae8                sqlite3BtreeGetCachedRowid
                0x00000000080b04ff                sqlite3BtreePager
                0x00000000080b19fe                sqlite3BtreeCacheOverflow
                0x00000000080aabc1                sqlite3BtreeKeySize
                0x00000000080a917a                sqlite3BtreeGetReserve
 *fill*         0x00000000080b1a0a        0x2 90909090
 .text          0x00000000080b1a0c     0x60f4 /opt/elektrobit/tal/lib/libBusMirror.a(build.o)
                0x00000000080b684a                sqlite3ArrayAllocate
                0x00000000080b33ca                sqlite3AffinityType
                0x00000000080b2af6                sqlite3CheckObjectName
                0x00000000080b2866                sqlite3NameFromToken
                0x00000000080b2b73                sqlite3StartTable
                0x00000000080b3193                sqlite3AddColumn
                0x00000000080b28ae                sqlite3OpenMasterTable
                0x00000000080b6569                sqlite3DropIndex
                0x00000000080b468f                sqlite3ViewGetColumnNames
                0x00000000080b7540                sqlite3BeginWriteOperation
                0x00000000080b72ad                sqlite3Savepoint
                0x00000000080b1f5e                sqlite3NestedParse
                0x00000000080b6eed                sqlite3SrcListAppendFromTerm
                0x00000000080b3a0b                sqlite3LocateCollSeq
                0x00000000080b5794                sqlite3CreateIndex
                0x00000000080b20bd                sqlite3FindTable
                0x00000000080b6a59                sqlite3IdListIndex
                0x00000000080b79fc                sqlite3IndexKeyinfo
                0x00000000080b75bb                sqlite3MultiWrite
                0x00000000080b2629                sqlite3CommitInternalChanges
                0x00000000080b69ee                sqlite3IdListDelete
                0x00000000080b64ed                sqlite3DefaultRowEst
                0x00000000080b353f                sqlite3AddDefaultValue
                0x00000000080b7237                sqlite3RollbackTransaction
                0x00000000080b6abd                sqlite3SrcListEnlarge
                0x00000000080b6c74                sqlite3SrcListAppend
                0x00000000080b6d87                sqlite3SrcListAssignCursors
                0x00000000080b7083                sqlite3SrcListShiftJoinType
                0x00000000080b7447                sqlite3CodeVerifySchema
                0x00000000080b77e8                sqlite3Reindex
                0x00000000080b3647                sqlite3AddPrimaryKey
                0x00000000080b6916                sqlite3IdListAppend
                0x00000000080b4b10                sqlite3DropTable
                0x00000000080b75f4                sqlite3MayAbort
                0x00000000080b238c                sqlite3UnlinkAndDeleteIndex
                0x00000000080b3929                sqlite3AddCollateType
                0x00000000080b2964                sqlite3FindDbName
                0x00000000080b70dc                sqlite3BeginTransaction
                0x00000000080b500d                sqlite3CreateForeignKey
                0x00000000080b6dfc                sqlite3SrcListDelete
                0x00000000080b2174                sqlite3LocateTable
                0x00000000080b29e2                sqlite3FindDb
                0x00000000080b270f                sqlite3DeleteTable
                0x00000000080b71c1                sqlite3CommitTransaction
                0x00000000080b5427                sqlite3DeferForeignKey
                0x00000000080b27fc                sqlite3UnlinkAndDeleteTable
                0x00000000080b7018                sqlite3SrcListIndexedBy
                0x00000000080b2238                sqlite3FindIndex
                0x00000000080b1c18                sqlite3FinishCoding
                0x00000000080b1a2c                sqlite3TableLock
                0x00000000080b3ab7                sqlite3ChangeCookie
                0x00000000080b34c7                sqlite3AddColumnType
                0x00000000080b3381                sqlite3AddNotNull
                0x00000000080b736d                sqlite3OpenTempDatabase
                0x00000000080b2a29                sqlite3TwoPartName
                0x00000000080b762d                sqlite3HaltConstraint
                0x00000000080b4909                sqlite3RootPageMoved
                0x00000000080b443f                sqlite3CreateView
                0x00000000080b38c1                sqlite3AddCheckConstraint
                0x00000000080b3eed                sqlite3EndTable
                0x00000000080b1a0c                sqlite3BeginParse
                0x00000000080b2464                sqlite3ResetInternalSchema
 .text          0x00000000080b7b00      0xa34 /opt/elektrobit/tal/lib/libBusMirror.a(callback.o)
                0x00000000080b8173                sqlite3FindFunction
                0x00000000080b7d70                sqlite3CheckCollSeq
                0x00000000080b7f36                sqlite3FindCollSeq
                0x00000000080b7cb2                sqlite3GetCollSeq
                0x00000000080b8396                sqlite3SchemaFree
                0x00000000080b809d                sqlite3FuncDefInsert
                0x00000000080b849b                sqlite3SchemaGet
 .text          0x00000000080b8534      0xf68 /opt/elektrobit/tal/lib/libBusMirror.a(delete.o)
                0x00000000080b8534                sqlite3SrcListLookup
                0x00000000080b85bc                sqlite3IsReadOnly
                0x00000000080b87e1                sqlite3DeleteFrom
                0x00000000080b8f3c                sqlite3GenerateRowDelete
                0x00000000080b868b                sqlite3MaterializeView
                0x00000000080b9257                sqlite3GenerateRowIndexDelete
                0x00000000080b930a                sqlite3GenerateIndexKey
 .text          0x00000000080b949c     0x6260 /opt/elektrobit/tal/lib/libBusMirror.a(expr.o)
                0x00000000080bb04f                sqlite3ExprListSetSpan
                0x00000000080bf521                sqlite3ExprAnalyzeAggregates
                0x00000000080bb0cb                sqlite3ExprListCheckLength
                0x00000000080b949c                sqlite3ExprAffinity
                0x00000000080bca39                sqlite3ExprCacheAffinityChange
                0x00000000080bed96                sqlite3ExprCompare
                0x00000000080b9d82                sqlite3Expr
                0x00000000080b9eeb                sqlite3ExprAnd
                0x00000000080bcae8                sqlite3ExprCodeCopy
                0x00000000080ba806                sqlite3ExprListDup
                0x00000000080bf54f                sqlite3ExprAnalyzeAggList
                0x00000000080be27d                sqlite3ExprCodeConstants
                0x00000000080bf595                sqlite3GetTempReg
                0x00000000080be94f                sqlite3ExprIfFalse
                0x00000000080bae98                sqlite3ExprListAppend
                0x00000000080bc7f4                sqlite3ExprCachePop
                0x00000000080bb2b7                sqlite3ExprIsConstantOrFunction
                0x00000000080bb29c                sqlite3ExprIsConstantNotJoin
                0x00000000080bc9eb                sqlite3ExprCacheClear
                0x00000000080b99e3                sqlite3ExprCheckHeight
                0x00000000080ba23c                sqlite3ExprDelete
                0x00000000080bb472                sqlite3ExprNeedsNoAffinityChange
                0x00000000080b9f5e                sqlite3ExprFunction
                0x00000000080bf5e9                sqlite3ReleaseTempReg
                0x00000000080bf6be                sqlite3ReleaseTempRange
                0x00000000080bdfeb                sqlite3ExprCodeAndCache
                0x00000000080bc643                sqlite3ExprCacheStore
                0x00000000080b97fa                sqlite3IndexAffinityOk
                0x00000000080b95e9                sqlite3ExprCollSeq
                0x00000000080b9e98                sqlite3PExpr
                0x00000000080bb108                sqlite3ExprListDelete
                0x00000000080bb43a                sqlite3ExprCodeIsNullJump
                0x00000000080bc777                sqlite3ExprCacheRemove
                0x00000000080baba8                sqlite3IdListDup
                0x00000000080bb731                sqlite3FindInIndex
                0x00000000080b988d                sqlite3BinaryCompareCollSeq
                0x00000000080bca5a                sqlite3ExprCodeMove
                0x00000000080bbb83                sqlite3CodeSubselect
                0x00000000080bdf2c                sqlite3ExprCodeTemp
                0x00000000080bcb3b                sqlite3ExprHardCopy
                0x00000000080bb2d2                sqlite3ExprIsInteger
                0x00000000080ba7dd                sqlite3ExprDup
                0x00000000080bc7e0                sqlite3ExprCachePush
                0x00000000080bcbae                sqlite3ExprCodeTarget
                0x00000000080b9fd8                sqlite3ExprAssignVarNumber
                0x00000000080bf658                sqlite3GetTempRange
                0x00000000080be50a                sqlite3ExprIfTrue